11:42:22 **** Incremental Build of configuration Debug for project kerry ****
make -j16 all 
arm-none-eabi-g++ "../Core/Src/main.cpp" -mcpu=cortex-m4 -std=gnu++14 -g3 -DDEBUG -DUSE_HAL_DRIVER -DSTM32F401xE -c -I../Core/Inc -I../Drivers/STM32F4xx_HAL_Driver/Inc -I../Drivers/STM32F4xx_HAL_Driver/Inc/Legacy -I../Drivers/CMSIS/Device/ST/STM32F4xx/Include -I../Drivers/CMSIS/Include -O0 -ffunction-sections -fdata-sections -fno-exceptions -fno-rtti -fno-use-cxa-atexit -Wall -fstack-usage -MMD -MP -MF"Core/Src/main.d" -MT"Core/Src/main.o" --specs=nano.specs -mfpu=fpv4-sp-d16 -mfloat-abi=hard -mthumb -o "Core/Src/main.o"
../Core/Src/main.cpp:3: warning: "STM32F401xE" redefined
    3 | #define STM32F401xE
      | 
<command-line>: note: this is the location of the previous definition
../Core/Src/main.cpp: In function 'int main()':
../Core/Src/main.cpp:76:10: warning: unused variable 'mV_f' [-Wunused-variable]
   76 |    float mV_f = (float)ADC_data * (Vref / 4095.0) * 1000.0;
      |          ^~~~
../Core/Src/main.cpp:77:10: warning: unused variable 'Temperature' [-Wunused-variable]
   77 |    float Temperature = (((((float)ADC_data-V25))/(Avg_slope))+25)*100;
      |          ^~~~~~~~~~~
arm-none-eabi-g++ -o "kerry.elf" @"objects.list"   -mcpu=cortex-m4 -T"C:\Uni\MAM\stm32cube_projects\kerry\STM32F401RETX_FLASH.ld" --specs=nosys.specs -Wl,-Map="kerry.map" -Wl,--gc-sections -static --specs=nano.specs -mfpu=fpv4-sp-d16 -mfloat-abi=hard -mthumb -Wl,--start-group -lc -lm -lstdc++ -lsupc++ -Wl,--end-group
Finished building target: kerry.elf
 
arm-none-eabi-size   kerry.elf 
arm-none-eabi-objdump -h -S  kerry.elf  > "kerry.list"
   text	   data	    bss	    dec	    hex	filename
   6372	     32	   1592	   7996	   1f3c	kerry.elf
Finished building: default.size.stdout
 
Finished building: kerry.list
 

11:42:22 Build Finished. 0 errors, 3 warnings. (took 469ms)

