10:01:07 **** Incremental Build of configuration Debug for project project ****
make -j16 all 
arm-none-eabi-g++ "../Core/Src/main.cpp" -mcpu=cortex-m4 -std=gnu++14 -g3 -DDEBUG -DUSE_HAL_DRIVER -DSTM32F401xE -c -I../Core/Inc -I../Drivers/STM32F4xx_HAL_Driver/Inc -I../Drivers/STM32F4xx_HAL_Driver/Inc/Legacy -I../Drivers/CMSIS/Device/ST/STM32F4xx/Include -I../Drivers/CMSIS/Include -O0 -ffunction-sections -fdata-sections -fno-exceptions -fno-rtti -fno-use-cxa-atexit -Wall -fstack-usage -MMD -MP -MF"Core/Src/main.d" -MT"Core/Src/main.o" --specs=nano.specs -mfpu=fpv4-sp-d16 -mfloat-abi=hard -mthumb -o "Core/Src/main.o"
arm-none-eabi-g++ -o "project.elf" @"objects.list"   -mcpu=cortex-m4 -T"C:\Uni\MAM\stm32cube_projects\project\STM32F401RETX_FLASH.ld" --specs=nosys.specs -Wl,-Map="project.map" -Wl,--gc-sections -static --specs=nano.specs -mfpu=fpv4-sp-d16 -mfloat-abi=hard -mthumb -Wl,--start-group -lc -lm -lstdc++ -lsupc++ -Wl,--end-group
Finished building target: project.elf
 
arm-none-eabi-size   project.elf 
arm-none-eabi-objdump -h -S  project.elf  > "project.list"
   text	   data	    bss	    dec	    hex	filename
   7516	     20	   1644	   9180	   23dc	project.elf
Finished building: default.size.stdout
 
Finished building: project.list
 

10:01:08 Build Finished. 0 errors, 0 warnings. (took 540ms)

